
There are no discarded input sections

Memory Configuration

Name             Origin             Length             Attributes
mem              0x00000000         0x00000400
*default*        0x00000000         0xffffffff

Linker script and memory map


.memory         0x00000000      0x310
                0x00000000                        . = 0x0
 start*(.text)
 *(.text)
 .text          0x00000000        0xc ./start.o
                0x00000000                start
 .text          0x0000000c      0x2b8 ./main.o
                0x0000000c                main
                0x00000070                uart_send_char
                0x000000cc                uart_send_str
                0x00000138                delay_long
                0x000001b8                delay_short
                0x0000022c                delay
 *(*)
 .data          0x000002c4        0x0 ./start.o
 .bss           0x000002c4        0x0 ./start.o
 .data          0x000002c4        0x0 ./main.o
 .bss           0x000002c4        0x0 ./main.o
 .rodata        0x000002c4       0x1f ./main.o
 .comment       0x000002e3        0xf ./main.o
                                 0x10 (size before relaxing)
 .riscv.attributes
                0x000002f2       0x1c ./main.o
                0x0000030e                        end = .
                0x00000310                        . = ALIGN (0x4)
 *fill*         0x0000030e        0x2 
LOAD ./start.o
LOAD ./main.o
LOAD /opt/riscv32i/bin/../lib/gcc/riscv32-unknown-elf/13.2.0/libgcc.a
OUTPUT(firmware.elf elf32-littleriscv)
